Archive member included to satisfy reference by file (symbol)

/working_dir/Desktop/work/private/gcc_builds/riscv64-baremetal/toolchain/lib/gcc/riscv64-none-elf/10.2.0/../../../../riscv64-none-elf/lib/libg_nano.a(lib_a-memcpy.o)
                              /tmp/ccYkPRse.o (memcpy)
/working_dir/Desktop/work/private/gcc_builds/riscv64-baremetal/toolchain/lib/gcc/riscv64-none-elf/10.2.0/../../../../riscv64-none-elf/lib/libg_nano.a(lib_a-vsnprintf.o)
                              /tmp/ccYkPRse.o (vsnprintf)
/working_dir/Desktop/work/private/gcc_builds/riscv64-baremetal/toolchain/lib/gcc/riscv64-none-elf/10.2.0/../../../../riscv64-none-elf/lib/libg_nano.a(lib_a-impure.o)
                              /working_dir/Desktop/work/private/gcc_builds/riscv64-baremetal/toolchain/lib/gcc/riscv64-none-elf/10.2.0/../../../../riscv64-none-elf/lib/libg_nano.a(lib_a-vsnprintf.o) (_impure_ptr)
/working_dir/Desktop/work/private/gcc_builds/riscv64-baremetal/toolchain/lib/gcc/riscv64-none-elf/10.2.0/../../../../riscv64-none-elf/lib/libg_nano.a(lib_a-nano-svfprintf.o)
                              /working_dir/Desktop/work/private/gcc_builds/riscv64-baremetal/toolchain/lib/gcc/riscv64-none-elf/10.2.0/../../../../riscv64-none-elf/lib/libg_nano.a(lib_a-vsnprintf.o) (_svfprintf_r)
/working_dir/Desktop/work/private/gcc_builds/riscv64-baremetal/toolchain/lib/gcc/riscv64-none-elf/10.2.0/../../../../riscv64-none-elf/lib/libg_nano.a(lib_a-nano-vfprintf_i.o)
                              /working_dir/Desktop/work/private/gcc_builds/riscv64-baremetal/toolchain/lib/gcc/riscv64-none-elf/10.2.0/../../../../riscv64-none-elf/lib/libg_nano.a(lib_a-nano-svfprintf.o) (_printf_i)
/working_dir/Desktop/work/private/gcc_builds/riscv64-baremetal/toolchain/lib/gcc/riscv64-none-elf/10.2.0/../../../../riscv64-none-elf/lib/libg_nano.a(lib_a-memchr.o)
                              /working_dir/Desktop/work/private/gcc_builds/riscv64-baremetal/toolchain/lib/gcc/riscv64-none-elf/10.2.0/../../../../riscv64-none-elf/lib/libg_nano.a(lib_a-nano-svfprintf.o) (memchr)
/working_dir/Desktop/work/private/gcc_builds/riscv64-baremetal/toolchain/lib/gcc/riscv64-none-elf/10.2.0/../../../../riscv64-none-elf/lib/libg_nano.a(lib_a-memmove-stub.o)
                              /working_dir/Desktop/work/private/gcc_builds/riscv64-baremetal/toolchain/lib/gcc/riscv64-none-elf/10.2.0/../../../../riscv64-none-elf/lib/libg_nano.a(lib_a-nano-svfprintf.o) (memmove)
/working_dir/Desktop/work/private/gcc_builds/riscv64-baremetal/toolchain/lib/gcc/riscv64-none-elf/10.2.0/../../../../riscv64-none-elf/lib/libg_nano.a(lib_a-nano-freer.o)
                              /working_dir/Desktop/work/private/gcc_builds/riscv64-baremetal/toolchain/lib/gcc/riscv64-none-elf/10.2.0/../../../../riscv64-none-elf/lib/libg_nano.a(lib_a-nano-svfprintf.o) (_free_r)
/working_dir/Desktop/work/private/gcc_builds/riscv64-baremetal/toolchain/lib/gcc/riscv64-none-elf/10.2.0/../../../../riscv64-none-elf/lib/libg_nano.a(lib_a-nano-mallocr.o)
                              /working_dir/Desktop/work/private/gcc_builds/riscv64-baremetal/toolchain/lib/gcc/riscv64-none-elf/10.2.0/../../../../riscv64-none-elf/lib/libg_nano.a(lib_a-nano-freer.o) (__malloc_free_list)
/working_dir/Desktop/work/private/gcc_builds/riscv64-baremetal/toolchain/lib/gcc/riscv64-none-elf/10.2.0/../../../../riscv64-none-elf/lib/libg_nano.a(lib_a-nano-reallocr.o)
                              /working_dir/Desktop/work/private/gcc_builds/riscv64-baremetal/toolchain/lib/gcc/riscv64-none-elf/10.2.0/../../../../riscv64-none-elf/lib/libg_nano.a(lib_a-nano-svfprintf.o) (_realloc_r)
/working_dir/Desktop/work/private/gcc_builds/riscv64-baremetal/toolchain/lib/gcc/riscv64-none-elf/10.2.0/../../../../riscv64-none-elf/lib/libg_nano.a(lib_a-sbrkr.o)
                              /working_dir/Desktop/work/private/gcc_builds/riscv64-baremetal/toolchain/lib/gcc/riscv64-none-elf/10.2.0/../../../../riscv64-none-elf/lib/libg_nano.a(lib_a-nano-mallocr.o) (_sbrk_r)
/working_dir/Desktop/work/private/gcc_builds/riscv64-baremetal/toolchain/lib/gcc/riscv64-none-elf/10.2.0/../../../../riscv64-none-elf/lib/libg_nano.a(lib_a-mlock.o)
                              /working_dir/Desktop/work/private/gcc_builds/riscv64-baremetal/toolchain/lib/gcc/riscv64-none-elf/10.2.0/../../../../riscv64-none-elf/lib/libg_nano.a(lib_a-nano-freer.o) (__malloc_lock)
/working_dir/Desktop/work/private/gcc_builds/riscv64-baremetal/toolchain/lib/gcc/riscv64-none-elf/10.2.0/../../../../riscv64-none-elf/lib/libg_nano.a(lib_a-nano-msizer.o)
                              /working_dir/Desktop/work/private/gcc_builds/riscv64-baremetal/toolchain/lib/gcc/riscv64-none-elf/10.2.0/../../../../riscv64-none-elf/lib/libg_nano.a(lib_a-nano-reallocr.o) (_malloc_usable_size_r)
/working_dir/Desktop/work/private/gcc_builds/riscv64-baremetal/toolchain/lib/gcc/riscv64-none-elf/10.2.0/../../../../riscv64-none-elf/lib/libg_nano.a(lib_a-reent.o)
                              /working_dir/Desktop/work/private/gcc_builds/riscv64-baremetal/toolchain/lib/gcc/riscv64-none-elf/10.2.0/../../../../riscv64-none-elf/lib/libg_nano.a(lib_a-sbrkr.o) (errno)
/working_dir/Desktop/work/private/gcc_builds/riscv64-baremetal/toolchain/lib/gcc/riscv64-none-elf/10.2.0/../../../../riscv64-none-elf/lib/libg_nano.a(lib_a-lock.o)
                              /working_dir/Desktop/work/private/gcc_builds/riscv64-baremetal/toolchain/lib/gcc/riscv64-none-elf/10.2.0/../../../../riscv64-none-elf/lib/libg_nano.a(lib_a-mlock.o) (__lock___malloc_recursive_mutex)
/working_dir/Desktop/work/private/gcc_builds/riscv64-baremetal/toolchain/lib/gcc/riscv64-none-elf/10.2.0/libgcc.a(div.o)
                              /working_dir/Desktop/work/private/gcc_builds/riscv64-baremetal/toolchain/lib/gcc/riscv64-none-elf/10.2.0/../../../../riscv64-none-elf/lib/libg_nano.a(lib_a-nano-vfprintf_i.o) (__udivdi3)
/working_dir/Desktop/work/private/gcc_builds/riscv64-baremetal/toolchain/lib/gcc/riscv64-none-elf/10.2.0/../../../../riscv64-none-elf/lib/libgloss_nano.a(sys_sbrk.o)
                              /working_dir/Desktop/work/private/gcc_builds/riscv64-baremetal/toolchain/lib/gcc/riscv64-none-elf/10.2.0/../../../../riscv64-none-elf/lib/libg_nano.a(lib_a-sbrkr.o) (_sbrk)
/working_dir/Desktop/work/private/gcc_builds/riscv64-baremetal/toolchain/lib/gcc/riscv64-none-elf/10.2.0/../../../../riscv64-none-elf/lib/libc_nano.a(lib_a-errno.o)
                              /working_dir/Desktop/work/private/gcc_builds/riscv64-baremetal/toolchain/lib/gcc/riscv64-none-elf/10.2.0/../../../../riscv64-none-elf/lib/libgloss_nano.a(sys_sbrk.o) (__errno)

Memory Configuration

Name             Origin             Length             Attributes
RAM              0x0000000080000000 0x0000000000008000 xrw
*default*        0x0000000000000000 0xffffffffffffffff

Linker script and memory map

                0x0000000080000000                . = 0x80000000

.text           0x0000000080000000     0x3280
 *(.text)
 .text          0x0000000080000000        0xc /tmp/ccM9KUmg.o
                0x0000000080000000                _start
 .text          0x000000008000000c      0x38c /tmp/ccYkPRse.o
                0x000000008000000c                put_char
                0x0000000080000044                printf
                0x00000000800000f4                interrupt_handler
                0x0000000080000178                get_pmp_napot_addr
                0x00000000800001dc                get_pmp_na_tor_addr
                0x0000000080000224                pass
                0x0000000080000234                main
 .text          0x0000000080000398      0x378 /working_dir/Desktop/work/private/gcc_builds/riscv64-baremetal/toolchain/lib/gcc/riscv64-none-elf/10.2.0/../../../../riscv64-none-elf/lib/libg_nano.a(lib_a-memcpy.o)
                0x0000000080000398                memcpy
 .text          0x0000000080000710      0x158 /working_dir/Desktop/work/private/gcc_builds/riscv64-baremetal/toolchain/lib/gcc/riscv64-none-elf/10.2.0/../../../../riscv64-none-elf/lib/libg_nano.a(lib_a-vsnprintf.o)
                0x0000000080000710                vsnprintf
                0x0000000080000710                vsniprintf
                0x000000008000076c                _vsnprintf_r
                0x000000008000076c                _vsniprintf_r
 .text          0x0000000080000868        0x0 /working_dir/Desktop/work/private/gcc_builds/riscv64-baremetal/toolchain/lib/gcc/riscv64-none-elf/10.2.0/../../../../riscv64-none-elf/lib/libg_nano.a(lib_a-impure.o)
 .text          0x0000000080000868      0xab4 /working_dir/Desktop/work/private/gcc_builds/riscv64-baremetal/toolchain/lib/gcc/riscv64-none-elf/10.2.0/../../../../riscv64-none-elf/lib/libg_nano.a(lib_a-nano-svfprintf.o)
                0x0000000080000868                __ssputs_r
                0x0000000080000b08                __ssprint_r
                0x0000000080000e18                _svfprintf_r
                0x0000000080000e18                _svfiprintf_r
 .text          0x000000008000131c      0xa08 /working_dir/Desktop/work/private/gcc_builds/riscv64-baremetal/toolchain/lib/gcc/riscv64-none-elf/10.2.0/../../../../riscv64-none-elf/lib/libg_nano.a(lib_a-nano-vfprintf_i.o)
                0x000000008000131c                _printf_common
                0x00000000800015e8                _printf_i
 .text          0x0000000080001d24      0x1dc /working_dir/Desktop/work/private/gcc_builds/riscv64-baremetal/toolchain/lib/gcc/riscv64-none-elf/10.2.0/../../../../riscv64-none-elf/lib/libg_nano.a(lib_a-memchr.o)
                0x0000000080001d24                memchr
 .text          0x0000000080001f00      0x208 /working_dir/Desktop/work/private/gcc_builds/riscv64-baremetal/toolchain/lib/gcc/riscv64-none-elf/10.2.0/../../../../riscv64-none-elf/lib/libg_nano.a(lib_a-memmove-stub.o)
                0x0000000080001f00                memmove
 .text          0x0000000080002108      0x2f0 /working_dir/Desktop/work/private/gcc_builds/riscv64-baremetal/toolchain/lib/gcc/riscv64-none-elf/10.2.0/../../../../riscv64-none-elf/lib/libg_nano.a(lib_a-nano-freer.o)
                0x000000008000215c                _free_r
 .text          0x00000000800023f8      0x2e8 /working_dir/Desktop/work/private/gcc_builds/riscv64-baremetal/toolchain/lib/gcc/riscv64-none-elf/10.2.0/../../../../riscv64-none-elf/lib/libg_nano.a(lib_a-nano-mallocr.o)
                0x00000000800024c8                _malloc_r
 .text          0x00000000800026e0       0xe8 /working_dir/Desktop/work/private/gcc_builds/riscv64-baremetal/toolchain/lib/gcc/riscv64-none-elf/10.2.0/../../../../riscv64-none-elf/lib/libg_nano.a(lib_a-nano-reallocr.o)
                0x00000000800026e0                _realloc_r
 .text          0x00000000800027c8       0x78 /working_dir/Desktop/work/private/gcc_builds/riscv64-baremetal/toolchain/lib/gcc/riscv64-none-elf/10.2.0/../../../../riscv64-none-elf/lib/libg_nano.a(lib_a-sbrkr.o)
                0x00000000800027c8                _sbrk_r
 .text          0x0000000080002840       0x78 /working_dir/Desktop/work/private/gcc_builds/riscv64-baremetal/toolchain/lib/gcc/riscv64-none-elf/10.2.0/../../../../riscv64-none-elf/lib/libg_nano.a(lib_a-mlock.o)
                0x0000000080002840                __malloc_lock
                0x000000008000287c                __malloc_unlock
 .text          0x00000000800028b8       0x88 /working_dir/Desktop/work/private/gcc_builds/riscv64-baremetal/toolchain/lib/gcc/riscv64-none-elf/10.2.0/../../../../riscv64-none-elf/lib/libg_nano.a(lib_a-nano-msizer.o)
                0x00000000800028b8                _malloc_usable_size_r
 .text          0x0000000080002940      0x29c /working_dir/Desktop/work/private/gcc_builds/riscv64-baremetal/toolchain/lib/gcc/riscv64-none-elf/10.2.0/../../../../riscv64-none-elf/lib/libg_nano.a(lib_a-reent.o)
                0x0000000080002940                cleanup_glue
                0x0000000080002998                _reclaim_reent
 .text          0x0000000080002bdc      0x148 /working_dir/Desktop/work/private/gcc_builds/riscv64-baremetal/toolchain/lib/gcc/riscv64-none-elf/10.2.0/../../../../riscv64-none-elf/lib/libg_nano.a(lib_a-lock.o)
                0x0000000080002bdc                __retarget_lock_init
                0x0000000080002bfc                __retarget_lock_init_recursive
                0x0000000080002c1c                __retarget_lock_close
                0x0000000080002c3c                __retarget_lock_close_recursive
                0x0000000080002c5c                __retarget_lock_acquire
                0x0000000080002c7c                __retarget_lock_acquire_recursive
                0x0000000080002c9c                __retarget_lock_try_acquire
                0x0000000080002cc0                __retarget_lock_try_acquire_recursive
                0x0000000080002ce4                __retarget_lock_release
                0x0000000080002d04                __retarget_lock_release_recursive
 .text          0x0000000080002d24      0x100 /working_dir/Desktop/work/private/gcc_builds/riscv64-baremetal/toolchain/lib/gcc/riscv64-none-elf/10.2.0/libgcc.a(div.o)
                0x0000000080002d24                __udivsi3
                0x0000000080002d3c                __umodsi3
                0x0000000080002d5c                __divsi3
                0x0000000080002d64                __divdi3
                0x0000000080002d6c                __udivdi3
                0x0000000080002db4                __umoddi3
                0x0000000080002de8                __modsi3
                0x0000000080002de8                __moddi3
 .text          0x0000000080002e24      0x26c /working_dir/Desktop/work/private/gcc_builds/riscv64-baremetal/toolchain/lib/gcc/riscv64-none-elf/10.2.0/../../../../riscv64-none-elf/lib/libgloss_nano.a(sys_sbrk.o)
                0x0000000080002f68                _sbrk
 .text          0x0000000080003090       0x28 /working_dir/Desktop/work/private/gcc_builds/riscv64-baremetal/toolchain/lib/gcc/riscv64-none-elf/10.2.0/../../../../riscv64-none-elf/lib/libc_nano.a(lib_a-errno.o)
                0x0000000080003090                __errno
 *(.text*)
 *(.rodata)
 *fill*         0x00000000800030b8        0x0 
 .rodata        0x00000000800030b8       0xe6 /tmp/ccYkPRse.o
 *fill*         0x000000008000319e        0x2 
 .rodata        0x00000000800031a0       0x17 /working_dir/Desktop/work/private/gcc_builds/riscv64-baremetal/toolchain/lib/gcc/riscv64-none-elf/10.2.0/../../../../riscv64-none-elf/lib/libg_nano.a(lib_a-nano-svfprintf.o)
 *fill*         0x00000000800031b7        0x1 
 .rodata        0x00000000800031b8       0xb0 /working_dir/Desktop/work/private/gcc_builds/riscv64-baremetal/toolchain/lib/gcc/riscv64-none-elf/10.2.0/../../../../riscv64-none-elf/lib/libg_nano.a(lib_a-nano-vfprintf_i.o)
 .rodata        0x0000000080003268       0x10 /working_dir/Desktop/work/private/gcc_builds/riscv64-baremetal/toolchain/lib/gcc/riscv64-none-elf/10.2.0/../../../../riscv64-none-elf/lib/libg_nano.a(lib_a-memchr.o)
 *(.rodata*)
 *(.srodata)
 .srodata       0x0000000080003278        0x8 /working_dir/Desktop/work/private/gcc_builds/riscv64-baremetal/toolchain/lib/gcc/riscv64-none-elf/10.2.0/../../../../riscv64-none-elf/lib/libg_nano.a(lib_a-impure.o)
                0x0000000080003278                _global_impure_ptr
 *(.srodata*)

.rela.dyn       0x0000000080003280        0x0
 .rela.text     0x0000000080003280        0x0 /tmp/ccM9KUmg.o
 .rela.data     0x0000000080003280        0x0 /tmp/ccM9KUmg.o
                0x0000000080003400                . = ALIGN (0x400)

.data           0x0000000080003280      0x158
 *(.data)
 .data          0x0000000080003280        0x0 /tmp/ccM9KUmg.o
 .data          0x0000000080003280       0x90 /tmp/ccYkPRse.o
                0x0000000080003280                test_simple_program_user_bin
 .data          0x0000000080003310        0x0 /working_dir/Desktop/work/private/gcc_builds/riscv64-baremetal/toolchain/lib/gcc/riscv64-none-elf/10.2.0/../../../../riscv64-none-elf/lib/libg_nano.a(lib_a-memcpy.o)
 .data          0x0000000080003310        0x0 /working_dir/Desktop/work/private/gcc_builds/riscv64-baremetal/toolchain/lib/gcc/riscv64-none-elf/10.2.0/../../../../riscv64-none-elf/lib/libg_nano.a(lib_a-vsnprintf.o)
 .data          0x0000000080003310       0xb0 /working_dir/Desktop/work/private/gcc_builds/riscv64-baremetal/toolchain/lib/gcc/riscv64-none-elf/10.2.0/../../../../riscv64-none-elf/lib/libg_nano.a(lib_a-impure.o)
 .data          0x00000000800033c0        0x0 /working_dir/Desktop/work/private/gcc_builds/riscv64-baremetal/toolchain/lib/gcc/riscv64-none-elf/10.2.0/../../../../riscv64-none-elf/lib/libg_nano.a(lib_a-nano-svfprintf.o)
 .data          0x00000000800033c0        0x0 /working_dir/Desktop/work/private/gcc_builds/riscv64-baremetal/toolchain/lib/gcc/riscv64-none-elf/10.2.0/../../../../riscv64-none-elf/lib/libg_nano.a(lib_a-nano-vfprintf_i.o)
 .data          0x00000000800033c0        0x0 /working_dir/Desktop/work/private/gcc_builds/riscv64-baremetal/toolchain/lib/gcc/riscv64-none-elf/10.2.0/../../../../riscv64-none-elf/lib/libg_nano.a(lib_a-memchr.o)
 .data          0x00000000800033c0        0x0 /working_dir/Desktop/work/private/gcc_builds/riscv64-baremetal/toolchain/lib/gcc/riscv64-none-elf/10.2.0/../../../../riscv64-none-elf/lib/libg_nano.a(lib_a-memmove-stub.o)
 .data          0x00000000800033c0        0x0 /working_dir/Desktop/work/private/gcc_builds/riscv64-baremetal/toolchain/lib/gcc/riscv64-none-elf/10.2.0/../../../../riscv64-none-elf/lib/libg_nano.a(lib_a-nano-freer.o)
 .data          0x00000000800033c0        0x0 /working_dir/Desktop/work/private/gcc_builds/riscv64-baremetal/toolchain/lib/gcc/riscv64-none-elf/10.2.0/../../../../riscv64-none-elf/lib/libg_nano.a(lib_a-nano-mallocr.o)
 .data          0x00000000800033c0        0x0 /working_dir/Desktop/work/private/gcc_builds/riscv64-baremetal/toolchain/lib/gcc/riscv64-none-elf/10.2.0/../../../../riscv64-none-elf/lib/libg_nano.a(lib_a-nano-reallocr.o)
 .data          0x00000000800033c0        0x0 /working_dir/Desktop/work/private/gcc_builds/riscv64-baremetal/toolchain/lib/gcc/riscv64-none-elf/10.2.0/../../../../riscv64-none-elf/lib/libg_nano.a(lib_a-sbrkr.o)
 .data          0x00000000800033c0        0x0 /working_dir/Desktop/work/private/gcc_builds/riscv64-baremetal/toolchain/lib/gcc/riscv64-none-elf/10.2.0/../../../../riscv64-none-elf/lib/libg_nano.a(lib_a-mlock.o)
 .data          0x00000000800033c0        0x0 /working_dir/Desktop/work/private/gcc_builds/riscv64-baremetal/toolchain/lib/gcc/riscv64-none-elf/10.2.0/../../../../riscv64-none-elf/lib/libg_nano.a(lib_a-nano-msizer.o)
 .data          0x00000000800033c0        0x0 /working_dir/Desktop/work/private/gcc_builds/riscv64-baremetal/toolchain/lib/gcc/riscv64-none-elf/10.2.0/../../../../riscv64-none-elf/lib/libg_nano.a(lib_a-reent.o)
 .data          0x00000000800033c0        0x0 /working_dir/Desktop/work/private/gcc_builds/riscv64-baremetal/toolchain/lib/gcc/riscv64-none-elf/10.2.0/../../../../riscv64-none-elf/lib/libg_nano.a(lib_a-lock.o)
 .data          0x00000000800033c0        0x0 /working_dir/Desktop/work/private/gcc_builds/riscv64-baremetal/toolchain/lib/gcc/riscv64-none-elf/10.2.0/libgcc.a(div.o)
 .data          0x00000000800033c0        0x0 /working_dir/Desktop/work/private/gcc_builds/riscv64-baremetal/toolchain/lib/gcc/riscv64-none-elf/10.2.0/../../../../riscv64-none-elf/lib/libgloss_nano.a(sys_sbrk.o)
 .data          0x00000000800033c0        0x0 /working_dir/Desktop/work/private/gcc_builds/riscv64-baremetal/toolchain/lib/gcc/riscv64-none-elf/10.2.0/../../../../riscv64-none-elf/lib/libc_nano.a(lib_a-errno.o)
 *(.data*)
 *(.sdata)
 .sdata         0x00000000800033c0        0x4 /tmp/ccYkPRse.o
                0x00000000800033c0                test_simple_program_user_bin_len
 *fill*         0x00000000800033c4        0x4 
 .sdata         0x00000000800033c8        0x8 /working_dir/Desktop/work/private/gcc_builds/riscv64-baremetal/toolchain/lib/gcc/riscv64-none-elf/10.2.0/../../../../riscv64-none-elf/lib/libg_nano.a(lib_a-impure.o)
                0x00000000800033c8                _impure_ptr
 .sdata         0x00000000800033d0        0x8 /working_dir/Desktop/work/private/gcc_builds/riscv64-baremetal/toolchain/lib/gcc/riscv64-none-elf/10.2.0/../../../../riscv64-none-elf/lib/libg_nano.a(lib_a-mlock.o)
 *(.sdata*)

.bss            0x00000000800033d8       0x61
 *(.bss)
 .bss           0x00000000800033d8        0x0 /tmp/ccM9KUmg.o
 .bss           0x00000000800033d8        0x0 /tmp/ccYkPRse.o
 .bss           0x00000000800033d8        0x0 /working_dir/Desktop/work/private/gcc_builds/riscv64-baremetal/toolchain/lib/gcc/riscv64-none-elf/10.2.0/../../../../riscv64-none-elf/lib/libg_nano.a(lib_a-memcpy.o)
 .bss           0x00000000800033d8        0x0 /working_dir/Desktop/work/private/gcc_builds/riscv64-baremetal/toolchain/lib/gcc/riscv64-none-elf/10.2.0/../../../../riscv64-none-elf/lib/libg_nano.a(lib_a-vsnprintf.o)
 .bss           0x00000000800033d8        0x0 /working_dir/Desktop/work/private/gcc_builds/riscv64-baremetal/toolchain/lib/gcc/riscv64-none-elf/10.2.0/../../../../riscv64-none-elf/lib/libg_nano.a(lib_a-impure.o)
 .bss           0x00000000800033d8        0x0 /working_dir/Desktop/work/private/gcc_builds/riscv64-baremetal/toolchain/lib/gcc/riscv64-none-elf/10.2.0/../../../../riscv64-none-elf/lib/libg_nano.a(lib_a-nano-svfprintf.o)
 .bss           0x00000000800033d8        0x0 /working_dir/Desktop/work/private/gcc_builds/riscv64-baremetal/toolchain/lib/gcc/riscv64-none-elf/10.2.0/../../../../riscv64-none-elf/lib/libg_nano.a(lib_a-nano-vfprintf_i.o)
 .bss           0x00000000800033d8        0x0 /working_dir/Desktop/work/private/gcc_builds/riscv64-baremetal/toolchain/lib/gcc/riscv64-none-elf/10.2.0/../../../../riscv64-none-elf/lib/libg_nano.a(lib_a-memchr.o)
 .bss           0x00000000800033d8        0x0 /working_dir/Desktop/work/private/gcc_builds/riscv64-baremetal/toolchain/lib/gcc/riscv64-none-elf/10.2.0/../../../../riscv64-none-elf/lib/libg_nano.a(lib_a-memmove-stub.o)
 .bss           0x00000000800033d8        0x0 /working_dir/Desktop/work/private/gcc_builds/riscv64-baremetal/toolchain/lib/gcc/riscv64-none-elf/10.2.0/../../../../riscv64-none-elf/lib/libg_nano.a(lib_a-nano-freer.o)
 .bss           0x00000000800033d8        0x0 /working_dir/Desktop/work/private/gcc_builds/riscv64-baremetal/toolchain/lib/gcc/riscv64-none-elf/10.2.0/../../../../riscv64-none-elf/lib/libg_nano.a(lib_a-nano-mallocr.o)
 .bss           0x00000000800033d8        0x0 /working_dir/Desktop/work/private/gcc_builds/riscv64-baremetal/toolchain/lib/gcc/riscv64-none-elf/10.2.0/../../../../riscv64-none-elf/lib/libg_nano.a(lib_a-nano-reallocr.o)
 .bss           0x00000000800033d8        0x0 /working_dir/Desktop/work/private/gcc_builds/riscv64-baremetal/toolchain/lib/gcc/riscv64-none-elf/10.2.0/../../../../riscv64-none-elf/lib/libg_nano.a(lib_a-sbrkr.o)
 .bss           0x00000000800033d8        0x0 /working_dir/Desktop/work/private/gcc_builds/riscv64-baremetal/toolchain/lib/gcc/riscv64-none-elf/10.2.0/../../../../riscv64-none-elf/lib/libg_nano.a(lib_a-mlock.o)
 .bss           0x00000000800033d8        0x0 /working_dir/Desktop/work/private/gcc_builds/riscv64-baremetal/toolchain/lib/gcc/riscv64-none-elf/10.2.0/../../../../riscv64-none-elf/lib/libg_nano.a(lib_a-nano-msizer.o)
 .bss           0x00000000800033d8        0x0 /working_dir/Desktop/work/private/gcc_builds/riscv64-baremetal/toolchain/lib/gcc/riscv64-none-elf/10.2.0/../../../../riscv64-none-elf/lib/libg_nano.a(lib_a-reent.o)
 .bss           0x00000000800033d8        0x0 /working_dir/Desktop/work/private/gcc_builds/riscv64-baremetal/toolchain/lib/gcc/riscv64-none-elf/10.2.0/../../../../riscv64-none-elf/lib/libg_nano.a(lib_a-lock.o)
 .bss           0x00000000800033d8        0x0 /working_dir/Desktop/work/private/gcc_builds/riscv64-baremetal/toolchain/lib/gcc/riscv64-none-elf/10.2.0/libgcc.a(div.o)
 .bss           0x00000000800033d8        0x8 /working_dir/Desktop/work/private/gcc_builds/riscv64-baremetal/toolchain/lib/gcc/riscv64-none-elf/10.2.0/../../../../riscv64-none-elf/lib/libgloss_nano.a(sys_sbrk.o)
 .bss           0x00000000800033e0        0x0 /working_dir/Desktop/work/private/gcc_builds/riscv64-baremetal/toolchain/lib/gcc/riscv64-none-elf/10.2.0/../../../../riscv64-none-elf/lib/libc_nano.a(lib_a-errno.o)
 *(.bss*)
 *(.sbss)
 .sbss          0x00000000800033e0       0x10 /working_dir/Desktop/work/private/gcc_builds/riscv64-baremetal/toolchain/lib/gcc/riscv64-none-elf/10.2.0/../../../../riscv64-none-elf/lib/libg_nano.a(lib_a-nano-mallocr.o)
                0x00000000800033e0                __malloc_free_list
                0x00000000800033e8                __malloc_sbrk_start
 .sbss          0x00000000800033f0        0x4 /working_dir/Desktop/work/private/gcc_builds/riscv64-baremetal/toolchain/lib/gcc/riscv64-none-elf/10.2.0/../../../../riscv64-none-elf/lib/libg_nano.a(lib_a-reent.o)
                0x00000000800033f0                errno
 *fill*         0x00000000800033f4        0x4 
 .sbss          0x00000000800033f8       0x41 /working_dir/Desktop/work/private/gcc_builds/riscv64-baremetal/toolchain/lib/gcc/riscv64-none-elf/10.2.0/../../../../riscv64-none-elf/lib/libg_nano.a(lib_a-lock.o)
                0x00000000800033f8                __lock___sinit_recursive_mutex
                0x0000000080003400                __lock___sfp_recursive_mutex
                0x0000000080003408                __lock___atexit_recursive_mutex
                0x0000000080003410                __lock___at_quick_exit_mutex
                0x0000000080003418                __lock___malloc_recursive_mutex
                0x0000000080003420                __lock___env_recursive_mutex
                0x0000000080003428                __lock___tz_mutex
                0x0000000080003430                __lock___dd_hash_mutex
                0x0000000080003438                __lock___arc4random_mutex
 *(.sbss*)
                0x0000000080003439                _end = .
                0x0000000080007ffc                PROVIDE (_stack = ((ORIGIN (RAM) + LENGTH (RAM)) - 0x4))
LOAD /tmp/ccM9KUmg.o
LOAD /tmp/ccYkPRse.o
LOAD /working_dir/Desktop/work/private/gcc_builds/riscv64-baremetal/toolchain/lib/gcc/riscv64-none-elf/10.2.0/libgcc.a
LOAD /working_dir/Desktop/work/private/gcc_builds/riscv64-baremetal/toolchain/lib/gcc/riscv64-none-elf/10.2.0/../../../../riscv64-none-elf/lib/libg_nano.a
LOAD /working_dir/Desktop/work/private/gcc_builds/riscv64-baremetal/toolchain/lib/gcc/riscv64-none-elf/10.2.0/../../../../riscv64-none-elf/lib/libc_nano.a
LOAD /working_dir/Desktop/work/private/gcc_builds/riscv64-baremetal/toolchain/lib/gcc/riscv64-none-elf/10.2.0/libgcc.a
START GROUP
LOAD /working_dir/Desktop/work/private/gcc_builds/riscv64-baremetal/toolchain/lib/gcc/riscv64-none-elf/10.2.0/libgcc.a
LOAD /working_dir/Desktop/work/private/gcc_builds/riscv64-baremetal/toolchain/lib/gcc/riscv64-none-elf/10.2.0/../../../../riscv64-none-elf/lib/libc_nano.a
LOAD /working_dir/Desktop/work/private/gcc_builds/riscv64-baremetal/toolchain/lib/gcc/riscv64-none-elf/10.2.0/../../../../riscv64-none-elf/lib/libgloss_nano.a
END GROUP
OUTPUT(build_output/test_do_nothing_64.elf elf64-littleriscv)

.riscv.attributes
                0x0000000000000000       0x25
 .riscv.attributes
                0x0000000000000000       0x1a /tmp/ccM9KUmg.o
 .riscv.attributes
                0x000000000000001a       0x20 /tmp/ccYkPRse.o
 .riscv.attributes
                0x000000000000003a       0x21 /working_dir/Desktop/work/private/gcc_builds/riscv64-baremetal/toolchain/lib/gcc/riscv64-none-elf/10.2.0/../../../../riscv64-none-elf/lib/libg_nano.a(lib_a-memcpy.o)
 .riscv.attributes
                0x000000000000005b       0x21 /working_dir/Desktop/work/private/gcc_builds/riscv64-baremetal/toolchain/lib/gcc/riscv64-none-elf/10.2.0/../../../../riscv64-none-elf/lib/libg_nano.a(lib_a-vsnprintf.o)
 .riscv.attributes
                0x000000000000007c       0x21 /working_dir/Desktop/work/private/gcc_builds/riscv64-baremetal/toolchain/lib/gcc/riscv64-none-elf/10.2.0/../../../../riscv64-none-elf/lib/libg_nano.a(lib_a-impure.o)
 .riscv.attributes
                0x000000000000009d       0x21 /working_dir/Desktop/work/private/gcc_builds/riscv64-baremetal/toolchain/lib/gcc/riscv64-none-elf/10.2.0/../../../../riscv64-none-elf/lib/libg_nano.a(lib_a-nano-svfprintf.o)
 .riscv.attributes
                0x00000000000000be       0x21 /working_dir/Desktop/work/private/gcc_builds/riscv64-baremetal/toolchain/lib/gcc/riscv64-none-elf/10.2.0/../../../../riscv64-none-elf/lib/libg_nano.a(lib_a-nano-vfprintf_i.o)
 .riscv.attributes
                0x00000000000000df       0x21 /working_dir/Desktop/work/private/gcc_builds/riscv64-baremetal/toolchain/lib/gcc/riscv64-none-elf/10.2.0/../../../../riscv64-none-elf/lib/libg_nano.a(lib_a-memchr.o)
 .riscv.attributes
                0x0000000000000100       0x21 /working_dir/Desktop/work/private/gcc_builds/riscv64-baremetal/toolchain/lib/gcc/riscv64-none-elf/10.2.0/../../../../riscv64-none-elf/lib/libg_nano.a(lib_a-memmove-stub.o)
 .riscv.attributes
                0x0000000000000121       0x21 /working_dir/Desktop/work/private/gcc_builds/riscv64-baremetal/toolchain/lib/gcc/riscv64-none-elf/10.2.0/../../../../riscv64-none-elf/lib/libg_nano.a(lib_a-nano-freer.o)
 .riscv.attributes
                0x0000000000000142       0x21 /working_dir/Desktop/work/private/gcc_builds/riscv64-baremetal/toolchain/lib/gcc/riscv64-none-elf/10.2.0/../../../../riscv64-none-elf/lib/libg_nano.a(lib_a-nano-mallocr.o)
 .riscv.attributes
                0x0000000000000163       0x21 /working_dir/Desktop/work/private/gcc_builds/riscv64-baremetal/toolchain/lib/gcc/riscv64-none-elf/10.2.0/../../../../riscv64-none-elf/lib/libg_nano.a(lib_a-nano-reallocr.o)
 .riscv.attributes
                0x0000000000000184       0x21 /working_dir/Desktop/work/private/gcc_builds/riscv64-baremetal/toolchain/lib/gcc/riscv64-none-elf/10.2.0/../../../../riscv64-none-elf/lib/libg_nano.a(lib_a-sbrkr.o)
 .riscv.attributes
                0x00000000000001a5       0x21 /working_dir/Desktop/work/private/gcc_builds/riscv64-baremetal/toolchain/lib/gcc/riscv64-none-elf/10.2.0/../../../../riscv64-none-elf/lib/libg_nano.a(lib_a-mlock.o)
 .riscv.attributes
                0x00000000000001c6       0x21 /working_dir/Desktop/work/private/gcc_builds/riscv64-baremetal/toolchain/lib/gcc/riscv64-none-elf/10.2.0/../../../../riscv64-none-elf/lib/libg_nano.a(lib_a-nano-msizer.o)
 .riscv.attributes
                0x00000000000001e7       0x21 /working_dir/Desktop/work/private/gcc_builds/riscv64-baremetal/toolchain/lib/gcc/riscv64-none-elf/10.2.0/../../../../riscv64-none-elf/lib/libg_nano.a(lib_a-reent.o)
 .riscv.attributes
                0x0000000000000208       0x21 /working_dir/Desktop/work/private/gcc_builds/riscv64-baremetal/toolchain/lib/gcc/riscv64-none-elf/10.2.0/../../../../riscv64-none-elf/lib/libg_nano.a(lib_a-lock.o)
 .riscv.attributes
                0x0000000000000229       0x1f /working_dir/Desktop/work/private/gcc_builds/riscv64-baremetal/toolchain/lib/gcc/riscv64-none-elf/10.2.0/libgcc.a(div.o)
 .riscv.attributes
                0x0000000000000248       0x21 /working_dir/Desktop/work/private/gcc_builds/riscv64-baremetal/toolchain/lib/gcc/riscv64-none-elf/10.2.0/../../../../riscv64-none-elf/lib/libgloss_nano.a(sys_sbrk.o)
 .riscv.attributes
                0x0000000000000269       0x21 /working_dir/Desktop/work/private/gcc_builds/riscv64-baremetal/toolchain/lib/gcc/riscv64-none-elf/10.2.0/../../../../riscv64-none-elf/lib/libc_nano.a(lib_a-errno.o)

.comment        0x0000000000000000       0x12
 .comment       0x0000000000000000       0x12 /tmp/ccYkPRse.o
                                         0x13 (size before relaxing)
 .comment       0x0000000000000012       0x13 /working_dir/Desktop/work/private/gcc_builds/riscv64-baremetal/toolchain/lib/gcc/riscv64-none-elf/10.2.0/../../../../riscv64-none-elf/lib/libg_nano.a(lib_a-memcpy.o)
 .comment       0x0000000000000012       0x13 /working_dir/Desktop/work/private/gcc_builds/riscv64-baremetal/toolchain/lib/gcc/riscv64-none-elf/10.2.0/../../../../riscv64-none-elf/lib/libg_nano.a(lib_a-vsnprintf.o)
 .comment       0x0000000000000012       0x13 /working_dir/Desktop/work/private/gcc_builds/riscv64-baremetal/toolchain/lib/gcc/riscv64-none-elf/10.2.0/../../../../riscv64-none-elf/lib/libg_nano.a(lib_a-impure.o)
 .comment       0x0000000000000012       0x13 /working_dir/Desktop/work/private/gcc_builds/riscv64-baremetal/toolchain/lib/gcc/riscv64-none-elf/10.2.0/../../../../riscv64-none-elf/lib/libg_nano.a(lib_a-nano-svfprintf.o)
 .comment       0x0000000000000012       0x13 /working_dir/Desktop/work/private/gcc_builds/riscv64-baremetal/toolchain/lib/gcc/riscv64-none-elf/10.2.0/../../../../riscv64-none-elf/lib/libg_nano.a(lib_a-nano-vfprintf_i.o)
 .comment       0x0000000000000012       0x13 /working_dir/Desktop/work/private/gcc_builds/riscv64-baremetal/toolchain/lib/gcc/riscv64-none-elf/10.2.0/../../../../riscv64-none-elf/lib/libg_nano.a(lib_a-memchr.o)
 .comment       0x0000000000000012       0x13 /working_dir/Desktop/work/private/gcc_builds/riscv64-baremetal/toolchain/lib/gcc/riscv64-none-elf/10.2.0/../../../../riscv64-none-elf/lib/libg_nano.a(lib_a-memmove-stub.o)
 .comment       0x0000000000000012       0x13 /working_dir/Desktop/work/private/gcc_builds/riscv64-baremetal/toolchain/lib/gcc/riscv64-none-elf/10.2.0/../../../../riscv64-none-elf/lib/libg_nano.a(lib_a-nano-freer.o)
 .comment       0x0000000000000012       0x13 /working_dir/Desktop/work/private/gcc_builds/riscv64-baremetal/toolchain/lib/gcc/riscv64-none-elf/10.2.0/../../../../riscv64-none-elf/lib/libg_nano.a(lib_a-nano-mallocr.o)
 .comment       0x0000000000000012       0x13 /working_dir/Desktop/work/private/gcc_builds/riscv64-baremetal/toolchain/lib/gcc/riscv64-none-elf/10.2.0/../../../../riscv64-none-elf/lib/libg_nano.a(lib_a-nano-reallocr.o)
 .comment       0x0000000000000012       0x13 /working_dir/Desktop/work/private/gcc_builds/riscv64-baremetal/toolchain/lib/gcc/riscv64-none-elf/10.2.0/../../../../riscv64-none-elf/lib/libg_nano.a(lib_a-sbrkr.o)
 .comment       0x0000000000000012       0x13 /working_dir/Desktop/work/private/gcc_builds/riscv64-baremetal/toolchain/lib/gcc/riscv64-none-elf/10.2.0/../../../../riscv64-none-elf/lib/libg_nano.a(lib_a-mlock.o)
 .comment       0x0000000000000012       0x13 /working_dir/Desktop/work/private/gcc_builds/riscv64-baremetal/toolchain/lib/gcc/riscv64-none-elf/10.2.0/../../../../riscv64-none-elf/lib/libg_nano.a(lib_a-nano-msizer.o)
 .comment       0x0000000000000012       0x13 /working_dir/Desktop/work/private/gcc_builds/riscv64-baremetal/toolchain/lib/gcc/riscv64-none-elf/10.2.0/../../../../riscv64-none-elf/lib/libg_nano.a(lib_a-reent.o)
 .comment       0x0000000000000012       0x13 /working_dir/Desktop/work/private/gcc_builds/riscv64-baremetal/toolchain/lib/gcc/riscv64-none-elf/10.2.0/../../../../riscv64-none-elf/lib/libg_nano.a(lib_a-lock.o)
 .comment       0x0000000000000012       0x13 /working_dir/Desktop/work/private/gcc_builds/riscv64-baremetal/toolchain/lib/gcc/riscv64-none-elf/10.2.0/../../../../riscv64-none-elf/lib/libgloss_nano.a(sys_sbrk.o)
 .comment       0x0000000000000012       0x13 /working_dir/Desktop/work/private/gcc_builds/riscv64-baremetal/toolchain/lib/gcc/riscv64-none-elf/10.2.0/../../../../riscv64-none-elf/lib/libc_nano.a(lib_a-errno.o)

.debug_line     0x0000000000000000      0x708
 .debug_line    0x0000000000000000       0x3f /tmp/ccM9KUmg.o
 .debug_line    0x000000000000003f      0x4ab /tmp/ccYkPRse.o
 .debug_line    0x00000000000004ea      0x21e /working_dir/Desktop/work/private/gcc_builds/riscv64-baremetal/toolchain/lib/gcc/riscv64-none-elf/10.2.0/libgcc.a(div.o)

.debug_info     0x0000000000000000      0x475
 .debug_info    0x0000000000000000       0x2e /tmp/ccM9KUmg.o
 .debug_info    0x000000000000002e      0x419 /tmp/ccYkPRse.o
 .debug_info    0x0000000000000447       0x2e /working_dir/Desktop/work/private/gcc_builds/riscv64-baremetal/toolchain/lib/gcc/riscv64-none-elf/10.2.0/libgcc.a(div.o)

.debug_abbrev   0x0000000000000000      0x18d
 .debug_abbrev  0x0000000000000000       0x14 /tmp/ccM9KUmg.o
 .debug_abbrev  0x0000000000000014      0x165 /tmp/ccYkPRse.o
 .debug_abbrev  0x0000000000000179       0x14 /working_dir/Desktop/work/private/gcc_builds/riscv64-baremetal/toolchain/lib/gcc/riscv64-none-elf/10.2.0/libgcc.a(div.o)

.debug_aranges  0x0000000000000000       0x90
 .debug_aranges
                0x0000000000000000       0x30 /tmp/ccM9KUmg.o
 .debug_aranges
                0x0000000000000030       0x30 /tmp/ccYkPRse.o
 .debug_aranges
                0x0000000000000060       0x30 /working_dir/Desktop/work/private/gcc_builds/riscv64-baremetal/toolchain/lib/gcc/riscv64-none-elf/10.2.0/libgcc.a(div.o)

.debug_str      0x0000000000000000      0x32f
 .debug_str     0x0000000000000000       0x4f /tmp/ccM9KUmg.o
 .debug_str     0x000000000000004f      0x205 /tmp/ccYkPRse.o
                                        0x298 (size before relaxing)
 .debug_str     0x0000000000000254       0xdb /working_dir/Desktop/work/private/gcc_builds/riscv64-baremetal/toolchain/lib/gcc/riscv64-none-elf/10.2.0/libgcc.a(div.o)
                                         0xe9 (size before relaxing)

.debug_frame    0x0000000000000000      0x178
 .debug_frame   0x0000000000000000      0x178 /tmp/ccYkPRse.o
